content_block_delta
content_block_delta
content_block_delta
content_block_delta
content_block_delta
content_block_delta
content_block_delta
content_block_delta
content_block_delta
content_block_delta
content_block_delta
content_block_delta
content_block_delta
content_block_delta
content_block_delta
content_block_delta
content_block_delta
content_block_start
content_block_start
content_block_stop
content_block_stop
message_delta
message_start
message_stop
